******************************************************************************
            TI ARM Clang Linker PC v4.0.4                      
******************************************************************************
>> Linked Thu Jul 23 17:40:48 2026

OUTPUT FILE NAME:   <NRF24L01-Package.out>
ENTRY POINT SYMBOL: "_c_int00_noargs"  address: 000011e5


MEMORY CONFIGURATION

         name            origin    length      used     unused   attr    fill
----------------------  --------  ---------  --------  --------  ----  --------
  FLASH                 00000000   00080000  00001c00  0007e400  R  X
  SRAM_BANK0            20200000   00010000  00000528  0000fad8  RW X
  SRAM_BANK1            20210000   00010000  00000000  00010000  RW X
  BCR_CONFIG            41c00000   000000ff  00000000  000000ff  R   
  BSL_CONFIG            41c00100   00000080  00000000  00000080  R   
  DATA                  41d00000   00004000  00000000  00004000  R   


SEGMENT ALLOCATION MAP

run origin  load origin   length   init length attrs members
----------  ----------- ---------- ----------- ----- -------
00000000    00000000    00001c00   00001c00    r-x
  00000000    00000000    000000c0   000000c0    r-- .intvecs
  000000c0    000000c0    000011d0   000011d0    r-x .text
  00001290    00001290    00000958   00000958    r-- .rodata
  00001be8    00001be8    00000018   00000018    r-- .cinit
20200000    20200000    00000428   00000000    rw-
  20200000    20200000    00000428   00000000    rw- .bss
2020ff00    2020ff00    00000100   00000000    rw-
  2020ff00    2020ff00    00000100   00000000    rw- .stack


SECTION ALLOCATION MAP

 output                                  attributes/
section   page    origin      length       input sections
--------  ----  ----------  ----------   ----------------
.intvecs   0    00000000    000000c0     
                  00000000    000000c0     startup_mspm0g351x_ticlang.o (.intvecs)

.text      0    000000c0    000011d0     
                  000000c0    0000039c     OLED.o (.text.OLED_WriteData)
                  0000045c    00000378     OLED.o (.text.OLED_WriteCommand)
                  000007d4    00000264     OLED.o (.text.OLED_ShowImage)
                  00000a38    000001f0     OLED.o (.text.OLED_ShowString)
                  00000c28    000001bc     OLED.o (.text.OLED_Init)
                  00000de4    00000104     OLED.o (.text.OLED_Update)
                  00000ee8    00000006     libc.a : exit.c.obj (.text:abort)
                  00000eee    00000002     startup_mspm0g351x_ticlang.o (.text.Default_Handler)
                  00000ef0    00000088     libc.a : strcmp-armv6m.S.obj (.text:strcmp)
                  00000f78    00000062            : memset16.S.obj (.text:memset)
                  00000fda    00000002     libclang_rt.builtins.a : aeabi_div0.c.obj (.text.__aeabi_idiv0)
                  00000fdc    00000058     ti_msp_dl_config.o (.text.SYSCFG_DL_GPIO_init)
                  00001034    0000004c     ti_msp_dl_config.o (.text.SYSCFG_DL_NRF24L01_SPI_init)
                  00001080    00000044     driverlib.a : dl_spi.o (.text.DL_SPI_init)
                  000010c4    00000040     ti_msp_dl_config.o (.text.SYSCFG_DL_initPower)
                  00001104    00000040     libclang_rt.builtins.a : aeabi_uidivmod.S.obj (.text.__aeabi_uidivmod)
                  00001144    0000003c     libc.a : autoinit.c.obj (.text:__TI_auto_init_nobinit_nopinit)
                  00001180    00000034     main.o (.text.main)
                  000011b4    00000030     ti_msp_dl_config.o (.text.SYSCFG_DL_SYSCTL_init)
                  000011e4    00000028     libc.a : boot_cortex_m.c.obj (.text:_c_int00_noargs)
                  0000120c    00000020     ti_msp_dl_config.o (.text.SYSCFG_DL_init)
                  0000122c    00000012     driverlib.a : dl_spi.o (.text.DL_SPI_setClockConfig)
                  0000123e    00000010     libc.a : copy_zero_init.c.obj (.text:decompress:ZI)
                  0000124e    0000000e     Delay.o (.text.Delay_ms)
                  0000125c    0000000c     libclang_rt.builtins.a : aeabi_memset.S.obj (.text.__aeabi_memclr)
                  00001268    0000000a     driverlib.a : dl_common.o (.text.DL_Common_delayCycles)
                  00001272    0000000a     Delay.o (.text.Delay_us)
                  0000127c    00000004     libsysbm.a : hostexit.c.obj (.text.HOSTexit)
                  00001280    00000004     startup_mspm0g351x_ticlang.o (.text.Reset_Handler)
                  00001284    00000004     libc.a : pre_init.c.obj (.text._system_pre_init)
                  00001288    00000008     --HOLE-- [fill = 0]

.cinit     0    00001be8    00000018     
                  00001be8    00000008     (.cinit..bss.load) [load image, compression = zero_init]
                  00001bf0    00000004     (__TI_handler_table)
                  00001bf4    00000008     (__TI_cinit_table)
                  00001bfc    00000004     --HOLE-- [fill = 0]

.rodata    0    00001290    00000958     
                  00001290    000005f0     OLED_Data.o (.rodata.OLED_F8x16)
                  00001880    0000023a     OLED_Data.o (.rodata.OLED_F6x8)
                  00001aba    00000103     OLED_Data.o (.rodata.OLED_CF16x16)
                  00001bbd    0000000e     main.o (.rodata.str1.15159059442110792349.1)
                  00001bcb    00000001     --HOLE-- [fill = 0]
                  00001bcc    0000000a     ti_msp_dl_config.o (.rodata.gNRF24L01_SPI_config)
                  00001bd6    00000009     main.o (.rodata.str1.8154729771448623357.1)
                  00001bdf    00000002     ti_msp_dl_config.o (.rodata.gNRF24L01_SPI_clockConfig)
                  00001be1    00000007     --HOLE-- [fill = 0]

.init_array 
*          0    00000000    00000000     UNINITIALIZED

.binit     0    00000000    00000000     

.bss       0    20200000    00000428     UNINITIALIZED
                  20200000    00000400     (.common:OLED_DisplayBuf)
                  20200400    00000028     (.common:gNRF24L01_SPIBackup)

.stack     0    2020ff00    00000100     UNINITIALIZED
                  2020ff00    00000004     libc.a : boot_cortex_m.c.obj (.stack)
                  2020ff04    000000fc     --HOLE--

__llvm_prf_cnts 
*          0    20200000    00000000     UNINITIALIZED

__llvm_prf_bits 
*          0    20200000    00000000     UNINITIALIZED

MODULE SUMMARY

       Module                         code   ro data   rw data
       ------                         ----   -------   -------
    .\
       OLED.o                         3624   0         1024   
       OLED_Data.o                    0      2349      0      
       ti_msp_dl_config.o             308    12        40     
       startup_mspm0g351x_ticlang.o   6      192       0      
       main.o                         52     23        0      
       Delay.o                        24     0         0      
    +--+------------------------------+------+---------+---------+
       Total:                         4014   2576      1064   
                                                              
    C:/TI/mspm0_sdk_2_11_00_07/source/ti/driverlib/lib/ticlang/m0p/mspm0gx51x/driverlib.a
       dl_spi.o                       86     0         0      
       dl_common.o                    10     0         0      
    +--+------------------------------+------+---------+---------+
       Total:                         96     0         0      
                                                              
    D:\Download\Microsoft Edge\CCS\ccs\tools\compiler\ti-cgt-armllvm_4.0.4.LTS\lib\armv6m-ti-none-eabi/c/libc.a
       strcmp-armv6m.S.obj            136    0         0      
       memset16.S.obj                 98     0         0      
       autoinit.c.obj                 60     0         0      
       boot_cortex_m.c.obj            40     0         0      
       copy_zero_init.c.obj           16     0         0      
       exit.c.obj                     6      0         0      
       pre_init.c.obj                 4      0         0      
    +--+------------------------------+------+---------+---------+
       Total:                         360    0         0      
                                                              
    D:\Download\Microsoft Edge\CCS\ccs\tools\compiler\ti-cgt-armllvm_4.0.4.LTS\lib\armv6m-ti-none-eabi/c/libsysbm.a
       hostexit.c.obj                 4      0         0      
    +--+------------------------------+------+---------+---------+
       Total:                         4      0         0      
                                                              
    D:\Download\Microsoft Edge\CCS\ccs\tools\compiler\ti-cgt-armllvm_4.0.4.LTS\lib\armv6m-ti-none-eabi/libclang_rt.builtins.a
       aeabi_uidivmod.S.obj           64     0         0      
       aeabi_memset.S.obj             12     0         0      
       aeabi_div0.c.obj               2      0         0      
    +--+------------------------------+------+---------+---------+
       Total:                         78     0         0      
                                                              
       Stack:                         0      0         256    
       Linker Generated:              0      20        0      
    +--+------------------------------+------+---------+---------+
       Grand Total:                   4552   2596      1320   


LINKER GENERATED COPY TABLES

__TI_cinit_table @ 00001bf4 records: 1, size/record: 8, table size: 8
	.bss: load addr=00001be8, load size=00000008 bytes, run addr=20200000, run size=00000428 bytes, compression=zero_init


LINKER GENERATED HANDLER TABLE

__TI_handler_table @ 00001bf0 records: 1, size/record: 4, table size: 4
	index: 0, handler: __TI_zero_init


GLOBAL SYMBOLS: SORTED ALPHABETICALLY BY Name 

address   name                          
-------   ----                          
00000eef  ADC0_IRQHandler               
00000eef  ADC1_IRQHandler               
00000eef  AESADV_IRQHandler             
0000127c  C$$EXIT                       
00000eef  CANFD0_IRQHandler             
00000eef  CANFD1_IRQHandler             
00000eef  DAC0_IRQHandler               
00001269  DL_Common_delayCycles         
00001081  DL_SPI_init                   
0000122d  DL_SPI_setClockConfig         
00000eef  DMA_IRQHandler                
00000eef  Default_Handler               
0000124f  Delay_ms                      
00001273  Delay_us                      
00000eef  GROUP0_IRQHandler             
00000eef  GROUP1_IRQHandler             
0000127d  HOSTexit                      
00000eef  HardFault_Handler             
00000eef  I2C0_IRQHandler               
00000eef  I2C1_IRQHandler               
00000eef  I2C2_IRQHandler               
00000eef  LFSS_IRQHandler               
00000eef  NMI_Handler                   
00001aba  OLED_CF16x16                  
20200000  OLED_DisplayBuf               
00001880  OLED_F6x8                     
00001290  OLED_F8x16                    
00000c29  OLED_Init                     
000007d5  OLED_ShowImage                
00000a39  OLED_ShowString               
00000de5  OLED_Update                   
0000045d  OLED_WriteCommand             
000000c1  OLED_WriteData                
00000eef  PendSV_Handler                
00001281  Reset_Handler                 
00000eef  SPI0_IRQHandler               
00000eef  SPI1_IRQHandler               
00000eef  SPI2_IRQHandler               
00000eef  SVC_Handler                   
00000fdd  SYSCFG_DL_GPIO_init           
00001035  SYSCFG_DL_NRF24L01_SPI_init   
000011b5  SYSCFG_DL_SYSCTL_init         
0000120d  SYSCFG_DL_init                
000010c5  SYSCFG_DL_initPower           
00000eef  SysTick_Handler               
00000eef  TIMA0_IRQHandler              
00000eef  TIMA1_IRQHandler              
00000eef  TIMG0_IRQHandler              
00000eef  TIMG12_IRQHandler             
00000eef  TIMG14_IRQHandler             
00000eef  TIMG6_IRQHandler              
00000eef  TIMG7_IRQHandler              
00000eef  TIMG8_IRQHandler              
00000eef  TIMG9_IRQHandler              
00000eef  UART0_IRQHandler              
00000eef  UART1_IRQHandler              
00000eef  UART3_IRQHandler              
00000eef  UART4_IRQHandler              
00000eef  UART5_IRQHandler              
00000eef  UART6_IRQHandler              
00000eef  UART7_IRQHandler              
20210000  __STACK_END                   
00000100  __STACK_SIZE                  
00000000  __TI_ATRegion0_region_sz      
00000000  __TI_ATRegion0_src_addr       
00000000  __TI_ATRegion0_trg_addr       
00000000  __TI_ATRegion1_region_sz      
00000000  __TI_ATRegion1_src_addr       
00000000  __TI_ATRegion1_trg_addr       
00000000  __TI_ATRegion2_region_sz      
00000000  __TI_ATRegion2_src_addr       
00000000  __TI_ATRegion2_trg_addr       
00001bf4  __TI_CINIT_Base               
00001bfc  __TI_CINIT_Limit              
00001bfc  __TI_CINIT_Warm               
00001bf0  __TI_Handler_Table_Base       
00001bf4  __TI_Handler_Table_Limit      
00001145  __TI_auto_init_nobinit_nopinit
ffffffff  __TI_pprof_out_hndl           
ffffffff  __TI_prof_data_size           
ffffffff  __TI_prof_data_start          
00000000  __TI_static_base__            
0000123f  __TI_zero_init                
00000fdb  __aeabi_idiv0                 
0000125d  __aeabi_memclr                
0000125d  __aeabi_memclr4               
0000125d  __aeabi_memclr8               
00001105  __aeabi_uidiv                 
00001105  __aeabi_uidivmod              
ffffffff  __binit__                     
UNDEFED   __mpu_init                    
2020ff00  __stack                       
20200000  __start___llvm_prf_bits       
20200000  __start___llvm_prf_cnts       
20200000  __stop___llvm_prf_bits        
20200000  __stop___llvm_prf_cnts        
000011e5  _c_int00_noargs               
UNDEFED   _system_post_cinit            
00001285  _system_pre_init              
00000ee9  abort                         
ffffffff  binit                         
20200400  gNRF24L01_SPIBackup           
00000000  interruptVectors              
00001181  main                          
00000f79  memset                        
00000ef1  strcmp                        


GLOBAL SYMBOLS: SORTED BY Symbol Address 

address   name                          
-------   ----                          
00000000  __TI_ATRegion0_region_sz      
00000000  __TI_ATRegion0_src_addr       
00000000  __TI_ATRegion0_trg_addr       
00000000  __TI_ATRegion1_region_sz      
00000000  __TI_ATRegion1_src_addr       
00000000  __TI_ATRegion1_trg_addr       
00000000  __TI_ATRegion2_region_sz      
00000000  __TI_ATRegion2_src_addr       
00000000  __TI_ATRegion2_trg_addr       
00000000  __TI_static_base__            
00000000  interruptVectors              
000000c1  OLED_WriteData                
00000100  __STACK_SIZE                  
0000045d  OLED_WriteCommand             
000007d5  OLED_ShowImage                
00000a39  OLED_ShowString               
00000c29  OLED_Init                     
00000de5  OLED_Update                   
00000ee9  abort                         
00000eef  ADC0_IRQHandler               
00000eef  ADC1_IRQHandler               
00000eef  AESADV_IRQHandler             
00000eef  CANFD0_IRQHandler             
00000eef  CANFD1_IRQHandler             
00000eef  DAC0_IRQHandler               
00000eef  DMA_IRQHandler                
00000eef  Default_Handler               
00000eef  GROUP0_IRQHandler             
00000eef  GROUP1_IRQHandler             
00000eef  HardFault_Handler             
00000eef  I2C0_IRQHandler               
00000eef  I2C1_IRQHandler               
00000eef  I2C2_IRQHandler               
00000eef  LFSS_IRQHandler               
00000eef  NMI_Handler                   
00000eef  PendSV_Handler                
00000eef  SPI0_IRQHandler               
00000eef  SPI1_IRQHandler               
00000eef  SPI2_IRQHandler               
00000eef  SVC_Handler                   
00000eef  SysTick_Handler               
00000eef  TIMA0_IRQHandler              
00000eef  TIMA1_IRQHandler              
00000eef  TIMG0_IRQHandler              
00000eef  TIMG12_IRQHandler             
00000eef  TIMG14_IRQHandler             
00000eef  TIMG6_IRQHandler              
00000eef  TIMG7_IRQHandler              
00000eef  TIMG8_IRQHandler              
00000eef  TIMG9_IRQHandler              
00000eef  UART0_IRQHandler              
00000eef  UART1_IRQHandler              
00000eef  UART3_IRQHandler              
00000eef  UART4_IRQHandler              
00000eef  UART5_IRQHandler              
00000eef  UART6_IRQHandler              
00000eef  UART7_IRQHandler              
00000ef1  strcmp                        
00000f79  memset                        
00000fdb  __aeabi_idiv0                 
00000fdd  SYSCFG_DL_GPIO_init           
00001035  SYSCFG_DL_NRF24L01_SPI_init   
00001081  DL_SPI_init                   
000010c5  SYSCFG_DL_initPower           
00001105  __aeabi_uidiv                 
00001105  __aeabi_uidivmod              
00001145  __TI_auto_init_nobinit_nopinit
00001181  main                          
000011b5  SYSCFG_DL_SYSCTL_init         
000011e5  _c_int00_noargs               
0000120d  SYSCFG_DL_init                
0000122d  DL_SPI_setClockConfig         
0000123f  __TI_zero_init                
0000124f  Delay_ms                      
0000125d  __aeabi_memclr                
0000125d  __aeabi_memclr4               
0000125d  __aeabi_memclr8               
00001269  DL_Common_delayCycles         
00001273  Delay_us                      
0000127c  C$$EXIT                       
0000127d  HOSTexit                      
00001281  Reset_Handler                 
00001285  _system_pre_init              
00001290  OLED_F8x16                    
00001880  OLED_F6x8                     
00001aba  OLED_CF16x16                  
00001bf0  __TI_Handler_Table_Base       
00001bf4  __TI_CINIT_Base               
00001bf4  __TI_Handler_Table_Limit      
00001bfc  __TI_CINIT_Limit              
00001bfc  __TI_CINIT_Warm               
20200000  OLED_DisplayBuf               
20200000  __start___llvm_prf_bits       
20200000  __start___llvm_prf_cnts       
20200000  __stop___llvm_prf_bits        
20200000  __stop___llvm_prf_cnts        
20200400  gNRF24L01_SPIBackup           
2020ff00  __stack                       
20210000  __STACK_END                   
ffffffff  __TI_pprof_out_hndl           
ffffffff  __TI_prof_data_size           
ffffffff  __TI_prof_data_start          
ffffffff  __binit__                     
ffffffff  binit                         
UNDEFED   __mpu_init                    
UNDEFED   _system_post_cinit            

[106 symbols]
