******************************************************************************
            TI ARM Clang Linker PC v4.0.4                      
******************************************************************************
>> Linked Thu Jul 23 17:15:58 2026

OUTPUT FILE NAME:   <NRF24L01-Package.out>
ENTRY POINT SYMBOL: "_c_int00_noargs"  address: 00000245


MEMORY CONFIGURATION

         name            origin    length      used     unused   attr    fill
----------------------  --------  ---------  --------  --------  ----  --------
  FLASH                 00000000   00080000  00000300  0007fd00  R  X
  SRAM_BANK0            20200000   00010000  00000128  0000fed8  RW X
  SRAM_BANK1            20210000   00010000  00000000  00010000  RW X
  BCR_CONFIG            41c00000   000000ff  00000000  000000ff  R   
  BSL_CONFIG            41c00100   00000080  00000000  00000080  R   
  DATA                  41d00000   00004000  00000000  00004000  R   


SEGMENT ALLOCATION MAP

run origin  load origin   length   init length attrs members
----------  ----------- ---------- ----------- ----- -------
00000000    00000000    00000300   00000300    r-x
  00000000    00000000    000000c0   000000c0    r-- .intvecs
  000000c0    000000c0    00000218   00000218    r-x .text
  000002d8    000002d8    00000010   00000010    r-- .rodata
  000002e8    000002e8    00000018   00000018    r-- .cinit
20200000    20200000    00000028   00000000    rw-
  20200000    20200000    00000028   00000000    rw- .bss
2020ff00    2020ff00    00000100   00000000    rw-
  2020ff00    2020ff00    00000100   00000000    rw- .stack


SECTION ALLOCATION MAP

 output                                  attributes/
section   page    origin      length       input sections
--------  ----  ----------  ----------   ----------------
.intvecs   0    00000000    000000c0     
                  00000000    000000c0     startup_mspm0g351x_ticlang.o (.intvecs)

.text      0    000000c0    00000218     
                  000000c0    0000004c     ti_msp_dl_config.o (.text.SYSCFG_DL_NRF24L01_SPI_init)
                  0000010c    00000048     ti_msp_dl_config.o (.text.SYSCFG_DL_GPIO_init)
                  00000154    00000044     driverlib.a : dl_spi.o (.text.DL_SPI_init)
                  00000198    00000040     ti_msp_dl_config.o (.text.SYSCFG_DL_initPower)
                  000001d8    0000003c     libc.a : autoinit.c.obj (.text:__TI_auto_init_nobinit_nopinit)
                  00000214    00000030     ti_msp_dl_config.o (.text.SYSCFG_DL_SYSCTL_init)
                  00000244    00000028     libc.a : boot_cortex_m.c.obj (.text:_c_int00_noargs)
                  0000026c    00000020     ti_msp_dl_config.o (.text.SYSCFG_DL_init)
                  0000028c    00000016     libc.a : copy_zero_init.c.obj (.text:decompress:ZI:__TI_zero_init_nomemset)
                  000002a2    00000012     driverlib.a : dl_spi.o (.text.DL_SPI_setClockConfig)
                  000002b4    0000000a                 : dl_common.o (.text.DL_Common_delayCycles)
                  000002be    00000006     main.o (.text.main)
                  000002c4    00000006     libc.a : exit.c.obj (.text:abort)
                  000002ca    00000004     libsysbm.a : hostexit.c.obj (.text.HOSTexit)
                  000002ce    00000004     startup_mspm0g351x_ticlang.o (.text.Reset_Handler)
                  000002d2    00000004     libc.a : pre_init.c.obj (.text._system_pre_init)
                  000002d6    00000002     startup_mspm0g351x_ticlang.o (.text.Default_Handler)

.cinit     0    000002e8    00000018     
                  000002e8    00000008     (.cinit..bss.load) [load image, compression = zero_init]
                  000002f0    00000004     (__TI_handler_table)
                  000002f4    00000008     (__TI_cinit_table)
                  000002fc    00000004     --HOLE-- [fill = 0]

.rodata    0    000002d8    00000010     
                  000002d8    0000000a     ti_msp_dl_config.o (.rodata.gNRF24L01_SPI_config)
                  000002e2    00000002     ti_msp_dl_config.o (.rodata.gNRF24L01_SPI_clockConfig)
                  000002e4    00000004     --HOLE-- [fill = 0]

.init_array 
*          0    00000000    00000000     UNINITIALIZED

.binit     0    00000000    00000000     

.bss       0    20200000    00000028     UNINITIALIZED
                  20200000    00000028     (.common:gNRF24L01_SPIBackup)

.stack     0    2020ff00    00000100     UNINITIALIZED
                  2020ff00    00000004     libc.a : boot_cortex_m.c.obj (.stack)
                  2020ff04    000000fc     --HOLE--

__llvm_prf_cnts 
*          0    20200000    00000000     UNINITIALIZED

__llvm_prf_bits 
*          0    20200000    00000000     UNINITIALIZED

MODULE SUMMARY

       Module                         code   ro data   rw data
       ------                         ----   -------   -------
    .\
       ti_msp_dl_config.o             292    12        40     
       startup_mspm0g351x_ticlang.o   6      192       0      
       main.o                         6      0         0      
    +--+------------------------------+------+---------+---------+
       Total:                         304    204       40     
                                                              
    C:/TI/mspm0_sdk_2_11_00_07/source/ti/driverlib/lib/ticlang/m0p/mspm0gx51x/driverlib.a
       dl_spi.o                       86     0         0      
       dl_common.o                    10     0         0      
    +--+------------------------------+------+---------+---------+
       Total:                         96     0         0      
                                                              
    D:\Download\Microsoft Edge\CCS\ccs\tools\compiler\ti-cgt-armllvm_4.0.4.LTS\lib\armv6m-ti-none-eabi/c/libc.a
       autoinit.c.obj                 60     0         0      
       boot_cortex_m.c.obj            40     0         0      
       copy_zero_init.c.obj           22     0         0      
       exit.c.obj                     6      0         0      
       pre_init.c.obj                 4      0         0      
    +--+------------------------------+------+---------+---------+
       Total:                         132    0         0      
                                                              
    D:\Download\Microsoft Edge\CCS\ccs\tools\compiler\ti-cgt-armllvm_4.0.4.LTS\lib\armv6m-ti-none-eabi/c/libsysbm.a
       hostexit.c.obj                 4      0         0      
    +--+------------------------------+------+---------+---------+
       Total:                         4      0         0      
                                                              
       Stack:                         0      0         256    
       Linker Generated:              0      20        0      
    +--+------------------------------+------+---------+---------+
       Grand Total:                   536    224       296    


LINKER GENERATED COPY TABLES

__TI_cinit_table @ 000002f4 records: 1, size/record: 8, table size: 8
	.bss: load addr=000002e8, load size=00000008 bytes, run addr=20200000, run size=00000028 bytes, compression=zero_init


LINKER GENERATED HANDLER TABLE

__TI_handler_table @ 000002f0 records: 1, size/record: 4, table size: 4
	index: 0, handler: __TI_zero_init


GLOBAL SYMBOLS: SORTED ALPHABETICALLY BY Name 

address   name                          
-------   ----                          
000002d7  ADC0_IRQHandler               
000002d7  ADC1_IRQHandler               
000002d7  AESADV_IRQHandler             
000002ca  C$$EXIT                       
000002d7  CANFD0_IRQHandler             
000002d7  CANFD1_IRQHandler             
000002d7  DAC0_IRQHandler               
000002b5  DL_Common_delayCycles         
00000155  DL_SPI_init                   
000002a3  DL_SPI_setClockConfig         
000002d7  DMA_IRQHandler                
000002d7  Default_Handler               
000002d7  GROUP0_IRQHandler             
000002d7  GROUP1_IRQHandler             
000002cb  HOSTexit                      
000002d7  HardFault_Handler             
000002d7  I2C0_IRQHandler               
000002d7  I2C1_IRQHandler               
000002d7  I2C2_IRQHandler               
000002d7  LFSS_IRQHandler               
000002d7  NMI_Handler                   
000002d7  PendSV_Handler                
000002cf  Reset_Handler                 
000002d7  SPI0_IRQHandler               
000002d7  SPI1_IRQHandler               
000002d7  SPI2_IRQHandler               
000002d7  SVC_Handler                   
0000010d  SYSCFG_DL_GPIO_init           
000000c1  SYSCFG_DL_NRF24L01_SPI_init   
00000215  SYSCFG_DL_SYSCTL_init         
0000026d  SYSCFG_DL_init                
00000199  SYSCFG_DL_initPower           
000002d7  SysTick_Handler               
000002d7  TIMA0_IRQHandler              
000002d7  TIMA1_IRQHandler              
000002d7  TIMG0_IRQHandler              
000002d7  TIMG12_IRQHandler             
000002d7  TIMG14_IRQHandler             
000002d7  TIMG6_IRQHandler              
000002d7  TIMG7_IRQHandler              
000002d7  TIMG8_IRQHandler              
000002d7  TIMG9_IRQHandler              
000002d7  UART0_IRQHandler              
000002d7  UART1_IRQHandler              
000002d7  UART3_IRQHandler              
000002d7  UART4_IRQHandler              
000002d7  UART5_IRQHandler              
000002d7  UART6_IRQHandler              
000002d7  UART7_IRQHandler              
20210000  __STACK_END                   
00000100  __STACK_SIZE                  
00000000  __TI_ATRegion0_region_sz      
00000000  __TI_ATRegion0_src_addr       
00000000  __TI_ATRegion0_trg_addr       
00000000  __TI_ATRegion1_region_sz      
00000000  __TI_ATRegion1_src_addr       
00000000  __TI_ATRegion1_trg_addr       
00000000  __TI_ATRegion2_region_sz      
00000000  __TI_ATRegion2_src_addr       
00000000  __TI_ATRegion2_trg_addr       
000002f4  __TI_CINIT_Base               
000002fc  __TI_CINIT_Limit              
000002fc  __TI_CINIT_Warm               
000002f0  __TI_Handler_Table_Base       
000002f4  __TI_Handler_Table_Limit      
000001d9  __TI_auto_init_nobinit_nopinit
ffffffff  __TI_pprof_out_hndl           
ffffffff  __TI_prof_data_size           
ffffffff  __TI_prof_data_start          
00000000  __TI_static_base__            
0000028d  __TI_zero_init_nomemset       
ffffffff  __binit__                     
UNDEFED   __mpu_init                    
2020ff00  __stack                       
20200000  __start___llvm_prf_bits       
20200000  __start___llvm_prf_cnts       
20200000  __stop___llvm_prf_bits        
20200000  __stop___llvm_prf_cnts        
00000245  _c_int00_noargs               
UNDEFED   _system_post_cinit            
000002d3  _system_pre_init              
000002c5  abort                         
ffffffff  binit                         
20200000  gNRF24L01_SPIBackup           
00000000  interruptVectors              
000002bf  main                          


GLOBAL SYMBOLS: SORTED BY Symbol Address 

address   name                          
-------   ----                          
00000000  __TI_ATRegion0_region_sz      
00000000  __TI_ATRegion0_src_addr       
00000000  __TI_ATRegion0_trg_addr       
00000000  __TI_ATRegion1_region_sz      
00000000  __TI_ATRegion1_src_addr       
00000000  __TI_ATRegion1_trg_addr       
00000000  __TI_ATRegion2_region_sz      
00000000  __TI_ATRegion2_src_addr       
00000000  __TI_ATRegion2_trg_addr       
00000000  __TI_static_base__            
00000000  interruptVectors              
000000c1  SYSCFG_DL_NRF24L01_SPI_init   
00000100  __STACK_SIZE                  
0000010d  SYSCFG_DL_GPIO_init           
00000155  DL_SPI_init                   
00000199  SYSCFG_DL_initPower           
000001d9  __TI_auto_init_nobinit_nopinit
00000215  SYSCFG_DL_SYSCTL_init         
00000245  _c_int00_noargs               
0000026d  SYSCFG_DL_init                
0000028d  __TI_zero_init_nomemset       
000002a3  DL_SPI_setClockConfig         
000002b5  DL_Common_delayCycles         
000002bf  main                          
000002c5  abort                         
000002ca  C$$EXIT                       
000002cb  HOSTexit                      
000002cf  Reset_Handler                 
000002d3  _system_pre_init              
000002d7  ADC0_IRQHandler               
000002d7  ADC1_IRQHandler               
000002d7  AESADV_IRQHandler             
000002d7  CANFD0_IRQHandler             
000002d7  CANFD1_IRQHandler             
000002d7  DAC0_IRQHandler               
000002d7  DMA_IRQHandler                
000002d7  Default_Handler               
000002d7  GROUP0_IRQHandler             
000002d7  GROUP1_IRQHandler             
000002d7  HardFault_Handler             
000002d7  I2C0_IRQHandler               
000002d7  I2C1_IRQHandler               
000002d7  I2C2_IRQHandler               
000002d7  LFSS_IRQHandler               
000002d7  NMI_Handler                   
000002d7  PendSV_Handler                
000002d7  SPI0_IRQHandler               
000002d7  SPI1_IRQHandler               
000002d7  SPI2_IRQHandler               
000002d7  SVC_Handler                   
000002d7  SysTick_Handler               
000002d7  TIMA0_IRQHandler              
000002d7  TIMA1_IRQHandler              
000002d7  TIMG0_IRQHandler              
000002d7  TIMG12_IRQHandler             
000002d7  TIMG14_IRQHandler             
000002d7  TIMG6_IRQHandler              
000002d7  TIMG7_IRQHandler              
000002d7  TIMG8_IRQHandler              
000002d7  TIMG9_IRQHandler              
000002d7  UART0_IRQHandler              
000002d7  UART1_IRQHandler              
000002d7  UART3_IRQHandler              
000002d7  UART4_IRQHandler              
000002d7  UART5_IRQHandler              
000002d7  UART6_IRQHandler              
000002d7  UART7_IRQHandler              
000002f0  __TI_Handler_Table_Base       
000002f4  __TI_CINIT_Base               
000002f4  __TI_Handler_Table_Limit      
000002fc  __TI_CINIT_Limit              
000002fc  __TI_CINIT_Warm               
20200000  __start___llvm_prf_bits       
20200000  __start___llvm_prf_cnts       
20200000  __stop___llvm_prf_bits        
20200000  __stop___llvm_prf_cnts        
20200000  gNRF24L01_SPIBackup           
2020ff00  __stack                       
20210000  __STACK_END                   
ffffffff  __TI_pprof_out_hndl           
ffffffff  __TI_prof_data_size           
ffffffff  __TI_prof_data_start          
ffffffff  __binit__                     
ffffffff  binit                         
UNDEFED   __mpu_init                    
UNDEFED   _system_post_cinit            

[86 symbols]
