******************************************************************************
            TI ARM Clang Linker PC v4.0.4                      
******************************************************************************
>> Linked Fri Jul 24 15:56:35 2026

OUTPUT FILE NAME:   <TI-NRF24L01-Package.out>
ENTRY POINT SYMBOL: "_c_int00_noargs"  address: 000017ad


MEMORY CONFIGURATION

         name            origin    length      used     unused   attr    fill
----------------------  --------  ---------  --------  --------  ----  --------
  FLASH                 00000000   00080000  00002238  0007ddc8  R  X
  SRAM_BANK0            20200000   00010000  00000548  0000fab8  RW X
  SRAM_BANK1            20210000   00010000  00000000  00010000  RW X
  BCR_CONFIG            41c00000   000000ff  00000000  000000ff  R   
  BSL_CONFIG            41c00100   00000080  00000000  00000080  R   
  DATA                  41d00000   00004000  00000000  00004000  R   


SEGMENT ALLOCATION MAP

run origin  load origin   length   init length attrs members
----------  ----------- ---------- ----------- ----- -------
00000000    00000000    00002238   00002238    r-x
  00000000    00000000    000000c0   000000c0    r-- .intvecs
  000000c0    000000c0    000017d0   000017d0    r-x .text
  00001890    00001890    00000968   00000968    r-- .rodata
  000021f8    000021f8    00000040   00000040    r-- .cinit
20200000    20200000    00000448   00000000    rw-
  20200000    20200000    00000400   00000000    rw- .bss
  20200400    20200400    00000044   00000000    rw- .TrimTable
  20200444    20200444    00000004   00000000    rw- .data
2020ff00    2020ff00    00000100   00000000    rw-
  2020ff00    2020ff00    00000100   00000000    rw- .stack


SECTION ALLOCATION MAP

 output                                  attributes/
section   page    origin      length       input sections
--------  ----  ----------  ----------   ----------------
.intvecs   0    00000000    000000c0     
                  00000000    000000c0     startup_mspm0g351x_ticlang.o (.intvecs)

.text      0    000000c0    000017d0     
                  000000c0    0000039c     OLED.o (.text.OLED_WriteData)
                  0000045c    00000378     OLED.o (.text.OLED_WriteCommand)
                  000007d4    000002a8     ti_msp_dl_config.o (.text.SYSCFG_DL_SYSCTL_SYSPLL_init)
                  00000a7c    00000264     OLED.o (.text.OLED_ShowImage)
                  00000ce0    000001f0     OLED.o (.text.OLED_ShowString)
                  00000ed0    000001bc     OLED.o (.text.OLED_Init)
                  0000108c    00000104     OLED.o (.text.OLED_Update)
                  00001190    000000f8     driverlib.a : dl_sysctl_mspm0gx51x.o (.text.DL_SYSCTL_configSYSPLL)
                  00001288    000000b0     ti_msp_dl_config.o (.text.SYSCFG_DL_SYSCTL_init)
                  00001338    0000009a     libc.a : memcpy16.S.obj (.text:memcpy)
                  000013d2    00000002     startup_mspm0g351x_ticlang.o (.text.Default_Handler)
                  000013d4    00000088     driverlib.a : dl_sysctl_mspm0gx51x.o (.text.DL_SYSCTL_setHFCLKSourceHFXTParams)
                  0000145c    00000004     libsysbm.a : hostexit.c.obj (.text.HOSTexit)
                  00001460    00000088     libc.a : strcmp-armv6m.S.obj (.text:strcmp)
                  000014e8    0000007c            : copy_decompress_lzss.c.obj (.text:decompress:lzss)
                  00001564    00000068     main.o (.text.main)
                  000015cc    00000062     libc.a : memset16.S.obj (.text:memset)
                  0000162e    00000002     libclang_rt.builtins.a : aeabi_div0.c.obj (.text.__aeabi_idiv0)
                  00001630    00000058     driverlib.a : dl_factoryregion.o (.text.DL_FactoryRegion_initTrimTable)
                  00001688    00000044                 : dl_sysctl_mspm0gx51x.o (.text.DL_SYSCTL_switchMCLKfromSYSOSCtoHSCLK)
                  000016cc    00000040     libclang_rt.builtins.a : aeabi_uidivmod.S.obj (.text.__aeabi_uidivmod)
                  0000170c    0000003c     libc.a : autoinit.c.obj (.text:__TI_auto_init_nobinit_nopinit)
                  00001748    00000034     ti_msp_dl_config.o (.text.SYSCFG_DL_initPower)
                  0000177c    00000030     ti_msp_dl_config.o (.text.SYSCFG_DL_GPIO_init)
                  000017ac    00000028     libc.a : boot_cortex_m.c.obj (.text:_c_int00_noargs)
                  000017d4    0000001c     driverlib.a : dl_sysctl_mspm0gx51x.o (.text.DL_SYSCTL_configFCC)
                  000017f0    00000014     OLED.o (.text.OLED_Clear)
                  00001804    00000012     libc.a : copy_decompress_none.c.obj (.text:decompress:none)
                  00001816    00000002     --HOLE-- [fill = 0]
                  00001818    00000010     Delay.o (.text.Delay_ms)
                  00001828    00000010     ti_msp_dl_config.o (.text.SYSCFG_DL_init)
                  00001838    00000010     libc.a : copy_zero_init.c.obj (.text:decompress:ZI)
                  00001848    0000000c     Delay.o (.text.Delay_us)
                  00001854    0000000c     libclang_rt.builtins.a : aeabi_memset.S.obj (.text.__aeabi_memclr)
                  00001860    0000000a     driverlib.a : dl_common.o (.text.DL_Common_delayCycles)
                  0000186a    00000002     --HOLE-- [fill = 0]
                  0000186c    00000008     libclang_rt.builtins.a : aeabi_memcpy.S.obj (.text.__aeabi_memcpy)
                  00001874    00000006     libc.a : exit.c.obj (.text:abort)
                  0000187a    00000004     startup_mspm0g351x_ticlang.o (.text.Reset_Handler)
                  0000187e    00000004     libc.a : pre_init.c.obj (.text._system_pre_init)
                  00001882    0000000e     --HOLE-- [fill = 0]

.cinit     0    000021f8    00000040     
                  000021f8    0000000c     (__TI_handler_table)
                  00002204    00000008     (.cinit..TrimTable.load) [load image, compression = zero_init]
                  0000220c    00000008     (.cinit..bss.load) [load image, compression = zero_init]
                  00002214    00000008     (.cinit..data.load) [load image, compression = lzss]
                  0000221c    00000018     (__TI_cinit_table)
                  00002234    00000004     --HOLE-- [fill = 0]

.rodata    0    00001890    00000968     
                  00001890    000005f0     OLED_Data.o (.rodata.OLED_F8x16)
                  00001e80    0000023a     OLED_Data.o (.rodata.OLED_F6x8)
                  000020ba    00000103     OLED_Data.o (.rodata.OLED_CF16x16)
                  000021bd    00000003     --HOLE-- [fill = 0]
                  000021c0    00000028     ti_msp_dl_config.o (.rodata.gSYSPLLConfig)
                  000021e8    0000000d     main.o (.rodata.str1.15159059442110792349.1)
                  000021f5    00000003     --HOLE-- [fill = 0]

.init_array 
*          0    00000000    00000000     UNINITIALIZED

.binit     0    00000000    00000000     

.bss       0    20200000    00000400     UNINITIALIZED
                  20200000    00000400     (.common:OLED_DisplayBuf)

.data      0    20200444    00000004     UNINITIALIZED
                  20200444    00000004     driverlib.a : dl_factoryregion.o (.data.FACTORYVALUE)

.TrimTable 
*          0    20200400    00000044     UNINITIALIZED
                  20200400    00000044     driverlib.a : dl_factoryregion.o (.TrimTable)

.stack     0    2020ff00    00000100     UNINITIALIZED
                  2020ff00    00000004     libc.a : boot_cortex_m.c.obj (.stack)
                  2020ff04    000000fc     --HOLE--

__llvm_prf_cnts 
*          0    20200000    00000000     UNINITIALIZED

__llvm_prf_bits 
*          0    20200000    00000000     UNINITIALIZED

MODULE SUMMARY

       Module                         code   ro data   rw data
       ------                         ----   -------   -------
    .\
       OLED.o                         3644   0         1024   
       OLED_Data.o                    0      2349      0      
       ti_msp_dl_config.o             972    40        0      
       startup_mspm0g351x_ticlang.o   6      192       0      
       main.o                         104    13        0      
       Delay.o                        28     0         0      
    +--+------------------------------+------+---------+---------+
       Total:                         4754   2594      1024   
                                                              
    C:/TI/mspm0_sdk_2_11_00_07/source/ti/driverlib/lib/ticlang/m0p/mspm0gx51x/driverlib.a
       dl_sysctl_mspm0gx51x.o         480    0         0      
       dl_factoryregion.o             88     0         72     
       dl_common.o                    10     0         0      
    +--+------------------------------+------+---------+---------+
       Total:                         578    0         72     
                                                              
    D:\Download\Microsoft Edge\CCS\ccs\tools\compiler\ti-cgt-armllvm_4.0.4.LTS\lib\armv6m-ti-none-eabi/c/libc.a
       memcpy16.S.obj                 154    0         0      
       strcmp-armv6m.S.obj            136    0         0      
       copy_decompress_lzss.c.obj     124    0         0      
       memset16.S.obj                 98     0         0      
       autoinit.c.obj                 60     0         0      
       boot_cortex_m.c.obj            40     0         0      
       copy_decompress_none.c.obj     18     0         0      
       copy_zero_init.c.obj           16     0         0      
       exit.c.obj                     6      0         0      
       pre_init.c.obj                 4      0         0      
    +--+------------------------------+------+---------+---------+
       Total:                         656    0         0      
                                                              
    D:\Download\Microsoft Edge\CCS\ccs\tools\compiler\ti-cgt-armllvm_4.0.4.LTS\lib\armv6m-ti-none-eabi/c/libsysbm.a
       hostexit.c.obj                 4      0         0      
    +--+------------------------------+------+---------+---------+
       Total:                         4      0         0      
                                                              
    D:\Download\Microsoft Edge\CCS\ccs\tools\compiler\ti-cgt-armllvm_4.0.4.LTS\lib\armv6m-ti-none-eabi/libclang_rt.builtins.a
       aeabi_uidivmod.S.obj           64     0         0      
       aeabi_memset.S.obj             12     0         0      
       aeabi_memcpy.S.obj             8      0         0      
       aeabi_div0.c.obj               2      0         0      
    +--+------------------------------+------+---------+---------+
       Total:                         86     0         0      
                                                              
       Stack:                         0      0         256    
       Linker Generated:              0      60        0      
    +--+------------------------------+------+---------+---------+
       Grand Total:                   6078   2654      1352   


LINKER GENERATED COPY TABLES

__TI_cinit_table @ 0000221c records: 3, size/record: 8, table size: 24
	.TrimTable: load addr=00002204, load size=00000008 bytes, run addr=20200400, run size=00000044 bytes, compression=zero_init
	.bss: load addr=0000220c, load size=00000008 bytes, run addr=20200000, run size=00000400 bytes, compression=zero_init
	.data: load addr=00002214, load size=00000008 bytes, run addr=20200444, run size=00000004 bytes, compression=lzss


LINKER GENERATED HANDLER TABLE

__TI_handler_table @ 000021f8 records: 3, size/record: 4, table size: 12
	index: 0, handler: __TI_decompress_lzss
	index: 1, handler: __TI_decompress_none
	index: 2, handler: __TI_zero_init


GLOBAL SYMBOLS: SORTED ALPHABETICALLY BY Name 

address   name                                 
-------   ----                                 
000013d3  ADC0_IRQHandler                      
000013d3  ADC1_IRQHandler                      
000013d3  AESADV_IRQHandler                    
0000145c  C$$EXIT                              
000013d3  CANFD0_IRQHandler                    
000013d3  CANFD1_IRQHandler                    
000013d3  DAC0_IRQHandler                      
00001861  DL_Common_delayCycles                
20200400  DL_FACTORYREGION_TrimTable           
00001631  DL_FactoryRegion_initTrimTable       
000017d5  DL_SYSCTL_configFCC                  
00001191  DL_SYSCTL_configSYSPLL               
000013d5  DL_SYSCTL_setHFCLKSourceHFXTParams   
00001689  DL_SYSCTL_switchMCLKfromSYSOSCtoHSCLK
000013d3  DMA_IRQHandler                       
000013d3  Default_Handler                      
00001819  Delay_ms                             
00001849  Delay_us                             
20200444  FACTORYVALUE                         
000013d3  GROUP0_IRQHandler                    
000013d3  GROUP1_IRQHandler                    
0000145d  HOSTexit                             
000013d3  HardFault_Handler                    
000013d3  I2C0_IRQHandler                      
000013d3  I2C1_IRQHandler                      
000013d3  I2C2_IRQHandler                      
000013d3  LFSS_IRQHandler                      
000013d3  NMI_Handler                          
000020ba  OLED_CF16x16                         
000017f1  OLED_Clear                           
20200000  OLED_DisplayBuf                      
00001e80  OLED_F6x8                            
00001890  OLED_F8x16                           
00000ed1  OLED_Init                            
00000a7d  OLED_ShowImage                       
00000ce1  OLED_ShowString                      
0000108d  OLED_Update                          
0000045d  OLED_WriteCommand                    
000000c1  OLED_WriteData                       
000013d3  PendSV_Handler                       
0000187b  Reset_Handler                        
000013d3  SPI0_IRQHandler                      
000013d3  SPI1_IRQHandler                      
000013d3  SPI2_IRQHandler                      
000013d3  SVC_Handler                          
0000177d  SYSCFG_DL_GPIO_init                  
000007d5  SYSCFG_DL_SYSCTL_SYSPLL_init         
00001289  SYSCFG_DL_SYSCTL_init                
00001829  SYSCFG_DL_init                       
00001749  SYSCFG_DL_initPower                  
000013d3  SysTick_Handler                      
000013d3  TIMA0_IRQHandler                     
000013d3  TIMA1_IRQHandler                     
000013d3  TIMG0_IRQHandler                     
000013d3  TIMG12_IRQHandler                    
000013d3  TIMG14_IRQHandler                    
000013d3  TIMG6_IRQHandler                     
000013d3  TIMG7_IRQHandler                     
000013d3  TIMG8_IRQHandler                     
000013d3  TIMG9_IRQHandler                     
000013d3  UART0_IRQHandler                     
000013d3  UART1_IRQHandler                     
000013d3  UART3_IRQHandler                     
000013d3  UART4_IRQHandler                     
000013d3  UART5_IRQHandler                     
000013d3  UART6_IRQHandler                     
000013d3  UART7_IRQHandler                     
20210000  __STACK_END                          
00000100  __STACK_SIZE                         
00000000  __TI_ATRegion0_region_sz             
00000000  __TI_ATRegion0_src_addr              
00000000  __TI_ATRegion0_trg_addr              
00000000  __TI_ATRegion1_region_sz             
00000000  __TI_ATRegion1_src_addr              
00000000  __TI_ATRegion1_trg_addr              
00000000  __TI_ATRegion2_region_sz             
00000000  __TI_ATRegion2_src_addr              
00000000  __TI_ATRegion2_trg_addr              
0000221c  __TI_CINIT_Base                      
00002234  __TI_CINIT_Limit                     
00002234  __TI_CINIT_Warm                      
000021f8  __TI_Handler_Table_Base              
00002204  __TI_Handler_Table_Limit             
0000170d  __TI_auto_init_nobinit_nopinit       
000014e9  __TI_decompress_lzss                 
00001805  __TI_decompress_none                 
ffffffff  __TI_pprof_out_hndl                  
ffffffff  __TI_prof_data_size                  
ffffffff  __TI_prof_data_start                 
00000000  __TI_static_base__                   
00001839  __TI_zero_init                       
0000162f  __aeabi_idiv0                        
00001855  __aeabi_memclr                       
00001855  __aeabi_memclr4                      
00001855  __aeabi_memclr8                      
0000186d  __aeabi_memcpy                       
0000186d  __aeabi_memcpy4                      
0000186d  __aeabi_memcpy8                      
000016cd  __aeabi_uidiv                        
000016cd  __aeabi_uidivmod                     
ffffffff  __binit__                            
UNDEFED   __mpu_init                           
2020ff00  __stack                              
20200000  __start___llvm_prf_bits              
20200000  __start___llvm_prf_cnts              
20200000  __stop___llvm_prf_bits               
20200000  __stop___llvm_prf_cnts               
000017ad  _c_int00_noargs                      
UNDEFED   _system_post_cinit                   
0000187f  _system_pre_init                     
00001875  abort                                
ffffffff  binit                                
00000000  interruptVectors                     
00001565  main                                 
00001339  memcpy                               
000015cd  memset                               
00001461  strcmp                               


GLOBAL SYMBOLS: SORTED BY Symbol Address 

address   name                                 
-------   ----                                 
00000000  __TI_ATRegion0_region_sz             
00000000  __TI_ATRegion0_src_addr              
00000000  __TI_ATRegion0_trg_addr              
00000000  __TI_ATRegion1_region_sz             
00000000  __TI_ATRegion1_src_addr              
00000000  __TI_ATRegion1_trg_addr              
00000000  __TI_ATRegion2_region_sz             
00000000  __TI_ATRegion2_src_addr              
00000000  __TI_ATRegion2_trg_addr              
00000000  __TI_static_base__                   
00000000  interruptVectors                     
000000c1  OLED_WriteData                       
00000100  __STACK_SIZE                         
0000045d  OLED_WriteCommand                    
000007d5  SYSCFG_DL_SYSCTL_SYSPLL_init         
00000a7d  OLED_ShowImage                       
00000ce1  OLED_ShowString                      
00000ed1  OLED_Init                            
0000108d  OLED_Update                          
00001191  DL_SYSCTL_configSYSPLL               
00001289  SYSCFG_DL_SYSCTL_init                
00001339  memcpy                               
000013d3  ADC0_IRQHandler                      
000013d3  ADC1_IRQHandler                      
000013d3  AESADV_IRQHandler                    
000013d3  CANFD0_IRQHandler                    
000013d3  CANFD1_IRQHandler                    
000013d3  DAC0_IRQHandler                      
000013d3  DMA_IRQHandler                       
000013d3  Default_Handler                      
000013d3  GROUP0_IRQHandler                    
000013d3  GROUP1_IRQHandler                    
000013d3  HardFault_Handler                    
000013d3  I2C0_IRQHandler                      
000013d3  I2C1_IRQHandler                      
000013d3  I2C2_IRQHandler                      
000013d3  LFSS_IRQHandler                      
000013d3  NMI_Handler                          
000013d3  PendSV_Handler                       
000013d3  SPI0_IRQHandler                      
000013d3  SPI1_IRQHandler                      
000013d3  SPI2_IRQHandler                      
000013d3  SVC_Handler                          
000013d3  SysTick_Handler                      
000013d3  TIMA0_IRQHandler                     
000013d3  TIMA1_IRQHandler                     
000013d3  TIMG0_IRQHandler                     
000013d3  TIMG12_IRQHandler                    
000013d3  TIMG14_IRQHandler                    
000013d3  TIMG6_IRQHandler                     
000013d3  TIMG7_IRQHandler                     
000013d3  TIMG8_IRQHandler                     
000013d3  TIMG9_IRQHandler                     
000013d3  UART0_IRQHandler                     
000013d3  UART1_IRQHandler                     
000013d3  UART3_IRQHandler                     
000013d3  UART4_IRQHandler                     
000013d3  UART5_IRQHandler                     
000013d3  UART6_IRQHandler                     
000013d3  UART7_IRQHandler                     
000013d5  DL_SYSCTL_setHFCLKSourceHFXTParams   
0000145c  C$$EXIT                              
0000145d  HOSTexit                             
00001461  strcmp                               
000014e9  __TI_decompress_lzss                 
00001565  main                                 
000015cd  memset                               
0000162f  __aeabi_idiv0                        
00001631  DL_FactoryRegion_initTrimTable       
00001689  DL_SYSCTL_switchMCLKfromSYSOSCtoHSCLK
000016cd  __aeabi_uidiv                        
000016cd  __aeabi_uidivmod                     
0000170d  __TI_auto_init_nobinit_nopinit       
00001749  SYSCFG_DL_initPower                  
0000177d  SYSCFG_DL_GPIO_init                  
000017ad  _c_int00_noargs                      
000017d5  DL_SYSCTL_configFCC                  
000017f1  OLED_Clear                           
00001805  __TI_decompress_none                 
00001819  Delay_ms                             
00001829  SYSCFG_DL_init                       
00001839  __TI_zero_init                       
00001849  Delay_us                             
00001855  __aeabi_memclr                       
00001855  __aeabi_memclr4                      
00001855  __aeabi_memclr8                      
00001861  DL_Common_delayCycles                
0000186d  __aeabi_memcpy                       
0000186d  __aeabi_memcpy4                      
0000186d  __aeabi_memcpy8                      
00001875  abort                                
0000187b  Reset_Handler                        
0000187f  _system_pre_init                     
00001890  OLED_F8x16                           
00001e80  OLED_F6x8                            
000020ba  OLED_CF16x16                         
000021f8  __TI_Handler_Table_Base              
00002204  __TI_Handler_Table_Limit             
0000221c  __TI_CINIT_Base                      
00002234  __TI_CINIT_Limit                     
00002234  __TI_CINIT_Warm                      
20200000  OLED_DisplayBuf                      
20200000  __start___llvm_prf_bits              
20200000  __start___llvm_prf_cnts              
20200000  __stop___llvm_prf_bits               
20200000  __stop___llvm_prf_cnts               
20200400  DL_FACTORYREGION_TrimTable           
20200444  FACTORYVALUE                         
2020ff00  __stack                              
20210000  __STACK_END                          
ffffffff  __TI_pprof_out_hndl                  
ffffffff  __TI_prof_data_size                  
ffffffff  __TI_prof_data_start                 
ffffffff  __binit__                            
ffffffff  binit                                
UNDEFED   __mpu_init                           
UNDEFED   _system_post_cinit                   

[117 symbols]
