******************************************************************************
            TI ARM Clang Linker PC v4.0.4                      
******************************************************************************
>> Linked Fri Jul 24 15:33:15 2026

OUTPUT FILE NAME:   <TI-NRF24L01-Package.out>
ENTRY POINT SYMBOL: "_c_int00_noargs"  address: 000007fd


MEMORY CONFIGURATION

         name            origin    length      used     unused   attr    fill
----------------------  --------  ---------  --------  --------  ----  --------
  FLASH                 00000000   00080000  00000920  0007f6e0  R  X
  SRAM_BANK0            20200000   00010000  00000148  0000feb8  RW X
  SRAM_BANK1            20210000   00010000  00000000  00010000  RW X
  BCR_CONFIG            41c00000   000000ff  00000000  000000ff  R   
  BSL_CONFIG            41c00100   00000080  00000000  00000080  R   
  DATA                  41d00000   00004000  00000000  00004000  R   


SEGMENT ALLOCATION MAP

run origin  load origin   length   init length attrs members
----------  ----------- ---------- ----------- ----- -------
00000000    00000000    00000920   00000920    r-x
  00000000    00000000    000000c0   000000c0    r-- .intvecs
  000000c0    000000c0    00000808   00000808    r-x .text
  000008c8    000008c8    00000028   00000028    r-- .rodata
  000008f0    000008f0    00000030   00000030    r-- .cinit
20200000    20200000    00000048   00000000    rw-
  20200000    20200000    00000044   00000000    rw- .TrimTable
  20200044    20200044    00000004   00000000    rw- .data
2020ff00    2020ff00    00000100   00000000    rw-
  2020ff00    2020ff00    00000100   00000000    rw- .stack


SECTION ALLOCATION MAP

 output                                  attributes/
section   page    origin      length       input sections
--------  ----  ----------  ----------   ----------------
.intvecs   0    00000000    000000c0     
                  00000000    000000c0     startup_mspm0g351x_ticlang.o (.intvecs)

.text      0    000000c0    00000808     
                  000000c0    000002a8     ti_msp_dl_config.o (.text.SYSCFG_DL_SYSCTL_SYSPLL_init)
                  00000368    000000f8     driverlib.a : dl_sysctl_mspm0gx51x.o (.text.DL_SYSCTL_configSYSPLL)
                  00000460    000000b0     ti_msp_dl_config.o (.text.SYSCFG_DL_SYSCTL_init)
                  00000510    0000009a     libc.a : memcpy16.S.obj (.text:memcpy)
                  000005aa    00000002     startup_mspm0g351x_ticlang.o (.text.Default_Handler)
                  000005ac    00000088     driverlib.a : dl_sysctl_mspm0gx51x.o (.text.DL_SYSCTL_setHFCLKSourceHFXTParams)
                  00000634    0000007c     libc.a : copy_decompress_lzss.c.obj (.text:decompress:lzss)
                  000006b0    00000058     driverlib.a : dl_factoryregion.o (.text.DL_FactoryRegion_initTrimTable)
                  00000708    00000044                 : dl_sysctl_mspm0gx51x.o (.text.DL_SYSCTL_switchMCLKfromSYSOSCtoHSCLK)
                  0000074c    00000040     libclang_rt.builtins.a : aeabi_uidivmod.S.obj (.text.__aeabi_uidivmod)
                  0000078c    0000003c     libc.a : autoinit.c.obj (.text:__TI_auto_init_nobinit_nopinit)
                  000007c8    00000034     ti_msp_dl_config.o (.text.SYSCFG_DL_initPower)
                  000007fc    00000028     libc.a : boot_cortex_m.c.obj (.text:_c_int00_noargs)
                  00000824    00000020     ti_msp_dl_config.o (.text.SYSCFG_DL_GPIO_init)
                  00000844    0000001c     driverlib.a : dl_sysctl_mspm0gx51x.o (.text.DL_SYSCTL_configFCC)
                  00000860    00000016     libc.a : copy_zero_init.c.obj (.text:decompress:ZI:__TI_zero_init_nomemset)
                  00000876    00000012            : copy_decompress_none.c.obj (.text:decompress:none)
                  00000888    00000010     ti_msp_dl_config.o (.text.SYSCFG_DL_init)
                  00000898    0000000a     driverlib.a : dl_common.o (.text.DL_Common_delayCycles)
                  000008a2    00000002     libclang_rt.builtins.a : aeabi_div0.c.obj (.text.__aeabi_idiv0)
                  000008a4    00000008                            : aeabi_memcpy.S.obj (.text.__aeabi_memcpy)
                  000008ac    00000006     empty.o (.text.main)
                  000008b2    00000006     libc.a : exit.c.obj (.text:abort)
                  000008b8    00000004     libsysbm.a : hostexit.c.obj (.text.HOSTexit)
                  000008bc    00000004     startup_mspm0g351x_ticlang.o (.text.Reset_Handler)
                  000008c0    00000004     libc.a : pre_init.c.obj (.text._system_pre_init)
                  000008c4    00000004     --HOLE-- [fill = 0]

.cinit     0    000008f0    00000030     
                  000008f0    0000000c     (__TI_handler_table)
                  000008fc    00000008     (.cinit..TrimTable.load) [load image, compression = zero_init]
                  00000904    00000008     (.cinit..data.load) [load image, compression = lzss]
                  0000090c    00000010     (__TI_cinit_table)
                  0000091c    00000004     --HOLE-- [fill = 0]

.rodata    0    000008c8    00000028     
                  000008c8    00000028     ti_msp_dl_config.o (.rodata.gSYSPLLConfig)

.init_array 
*          0    00000000    00000000     UNINITIALIZED

.binit     0    00000000    00000000     

.data      0    20200044    00000004     UNINITIALIZED
                  20200044    00000004     driverlib.a : dl_factoryregion.o (.data.FACTORYVALUE)

.TrimTable 
*          0    20200000    00000044     UNINITIALIZED
                  20200000    00000044     driverlib.a : dl_factoryregion.o (.TrimTable)

.stack     0    2020ff00    00000100     UNINITIALIZED
                  2020ff00    00000004     libc.a : boot_cortex_m.c.obj (.stack)
                  2020ff04    000000fc     --HOLE--

__llvm_prf_cnts 
*          0    20200000    00000000     UNINITIALIZED

__llvm_prf_bits 
*          0    20200000    00000000     UNINITIALIZED

MODULE SUMMARY

       Module                         code   ro data   rw data
       ------                         ----   -------   -------
    .\
       ti_msp_dl_config.o             956    40        0      
       startup_mspm0g351x_ticlang.o   6      192       0      
       empty.o                        6      0         0      
    +--+------------------------------+------+---------+---------+
       Total:                         968    232       0      
                                                              
    C:/TI/mspm0_sdk_2_11_00_07/source/ti/driverlib/lib/ticlang/m0p/mspm0gx51x/driverlib.a
       dl_sysctl_mspm0gx51x.o         480    0         0      
       dl_factoryregion.o             88     0         72     
       dl_common.o                    10     0         0      
    +--+------------------------------+------+---------+---------+
       Total:                         578    0         72     
                                                              
    D:\Download\Microsoft Edge\CCS\ccs\tools\compiler\ti-cgt-armllvm_4.0.4.LTS\lib\armv6m-ti-none-eabi/c/libc.a
       memcpy16.S.obj                 154    0         0      
       copy_decompress_lzss.c.obj     124    0         0      
       autoinit.c.obj                 60     0         0      
       boot_cortex_m.c.obj            40     0         0      
       copy_zero_init.c.obj           22     0         0      
       copy_decompress_none.c.obj     18     0         0      
       exit.c.obj                     6      0         0      
       pre_init.c.obj                 4      0         0      
    +--+------------------------------+------+---------+---------+
       Total:                         428    0         0      
                                                              
    D:\Download\Microsoft Edge\CCS\ccs\tools\compiler\ti-cgt-armllvm_4.0.4.LTS\lib\armv6m-ti-none-eabi/c/libsysbm.a
       hostexit.c.obj                 4      0         0      
    +--+------------------------------+------+---------+---------+
       Total:                         4      0         0      
                                                              
    D:\Download\Microsoft Edge\CCS\ccs\tools\compiler\ti-cgt-armllvm_4.0.4.LTS\lib\armv6m-ti-none-eabi/libclang_rt.builtins.a
       aeabi_uidivmod.S.obj           64     0         0      
       aeabi_memcpy.S.obj             8      0         0      
       aeabi_div0.c.obj               2      0         0      
    +--+------------------------------+------+---------+---------+
       Total:                         74     0         0      
                                                              
       Stack:                         0      0         256    
       Linker Generated:              0      44        0      
    +--+------------------------------+------+---------+---------+
       Grand Total:                   2052   276       328    


LINKER GENERATED COPY TABLES

__TI_cinit_table @ 0000090c records: 2, size/record: 8, table size: 16
	.TrimTable: load addr=000008fc, load size=00000008 bytes, run addr=20200000, run size=00000044 bytes, compression=zero_init
	.data: load addr=00000904, load size=00000008 bytes, run addr=20200044, run size=00000004 bytes, compression=lzss


LINKER GENERATED HANDLER TABLE

__TI_handler_table @ 000008f0 records: 3, size/record: 4, table size: 12
	index: 0, handler: __TI_decompress_lzss
	index: 1, handler: __TI_decompress_none
	index: 2, handler: __TI_zero_init


GLOBAL SYMBOLS: SORTED ALPHABETICALLY BY Name 

address   name                                 
-------   ----                                 
000005ab  ADC0_IRQHandler                      
000005ab  ADC1_IRQHandler                      
000005ab  AESADV_IRQHandler                    
000008b8  C$$EXIT                              
000005ab  CANFD0_IRQHandler                    
000005ab  CANFD1_IRQHandler                    
000005ab  DAC0_IRQHandler                      
00000899  DL_Common_delayCycles                
20200000  DL_FACTORYREGION_TrimTable           
000006b1  DL_FactoryRegion_initTrimTable       
00000845  DL_SYSCTL_configFCC                  
00000369  DL_SYSCTL_configSYSPLL               
000005ad  DL_SYSCTL_setHFCLKSourceHFXTParams   
00000709  DL_SYSCTL_switchMCLKfromSYSOSCtoHSCLK
000005ab  DMA_IRQHandler                       
000005ab  Default_Handler                      
20200044  FACTORYVALUE                         
000005ab  GROUP0_IRQHandler                    
000005ab  GROUP1_IRQHandler                    
000008b9  HOSTexit                             
000005ab  HardFault_Handler                    
000005ab  I2C0_IRQHandler                      
000005ab  I2C1_IRQHandler                      
000005ab  I2C2_IRQHandler                      
000005ab  LFSS_IRQHandler                      
000005ab  NMI_Handler                          
000005ab  PendSV_Handler                       
000008bd  Reset_Handler                        
000005ab  SPI0_IRQHandler                      
000005ab  SPI1_IRQHandler                      
000005ab  SPI2_IRQHandler                      
000005ab  SVC_Handler                          
00000825  SYSCFG_DL_GPIO_init                  
000000c1  SYSCFG_DL_SYSCTL_SYSPLL_init         
00000461  SYSCFG_DL_SYSCTL_init                
00000889  SYSCFG_DL_init                       
000007c9  SYSCFG_DL_initPower                  
000005ab  SysTick_Handler                      
000005ab  TIMA0_IRQHandler                     
000005ab  TIMA1_IRQHandler                     
000005ab  TIMG0_IRQHandler                     
000005ab  TIMG12_IRQHandler                    
000005ab  TIMG14_IRQHandler                    
000005ab  TIMG6_IRQHandler                     
000005ab  TIMG7_IRQHandler                     
000005ab  TIMG8_IRQHandler                     
000005ab  TIMG9_IRQHandler                     
000005ab  UART0_IRQHandler                     
000005ab  UART1_IRQHandler                     
000005ab  UART3_IRQHandler                     
000005ab  UART4_IRQHandler                     
000005ab  UART5_IRQHandler                     
000005ab  UART6_IRQHandler                     
000005ab  UART7_IRQHandler                     
20210000  __STACK_END                          
00000100  __STACK_SIZE                         
00000000  __TI_ATRegion0_region_sz             
00000000  __TI_ATRegion0_src_addr              
00000000  __TI_ATRegion0_trg_addr              
00000000  __TI_ATRegion1_region_sz             
00000000  __TI_ATRegion1_src_addr              
00000000  __TI_ATRegion1_trg_addr              
00000000  __TI_ATRegion2_region_sz             
00000000  __TI_ATRegion2_src_addr              
00000000  __TI_ATRegion2_trg_addr              
0000090c  __TI_CINIT_Base                      
0000091c  __TI_CINIT_Limit                     
0000091c  __TI_CINIT_Warm                      
000008f0  __TI_Handler_Table_Base              
000008fc  __TI_Handler_Table_Limit             
0000078d  __TI_auto_init_nobinit_nopinit       
00000635  __TI_decompress_lzss                 
00000877  __TI_decompress_none                 
ffffffff  __TI_pprof_out_hndl                  
ffffffff  __TI_prof_data_size                  
ffffffff  __TI_prof_data_start                 
00000000  __TI_static_base__                   
00000861  __TI_zero_init_nomemset              
000008a3  __aeabi_idiv0                        
000008a5  __aeabi_memcpy                       
000008a5  __aeabi_memcpy4                      
000008a5  __aeabi_memcpy8                      
0000074d  __aeabi_uidiv                        
0000074d  __aeabi_uidivmod                     
ffffffff  __binit__                            
UNDEFED   __mpu_init                           
2020ff00  __stack                              
20200000  __start___llvm_prf_bits              
20200000  __start___llvm_prf_cnts              
20200000  __stop___llvm_prf_bits               
20200000  __stop___llvm_prf_cnts               
000007fd  _c_int00_noargs                      
UNDEFED   _system_post_cinit                   
000008c1  _system_pre_init                     
000008b3  abort                                
ffffffff  binit                                
00000000  interruptVectors                     
000008ad  main                                 
00000511  memcpy                               


GLOBAL SYMBOLS: SORTED BY Symbol Address 

address   name                                 
-------   ----                                 
00000000  __TI_ATRegion0_region_sz             
00000000  __TI_ATRegion0_src_addr              
00000000  __TI_ATRegion0_trg_addr              
00000000  __TI_ATRegion1_region_sz             
00000000  __TI_ATRegion1_src_addr              
00000000  __TI_ATRegion1_trg_addr              
00000000  __TI_ATRegion2_region_sz             
00000000  __TI_ATRegion2_src_addr              
00000000  __TI_ATRegion2_trg_addr              
00000000  __TI_static_base__                   
00000000  interruptVectors                     
000000c1  SYSCFG_DL_SYSCTL_SYSPLL_init         
00000100  __STACK_SIZE                         
00000369  DL_SYSCTL_configSYSPLL               
00000461  SYSCFG_DL_SYSCTL_init                
00000511  memcpy                               
000005ab  ADC0_IRQHandler                      
000005ab  ADC1_IRQHandler                      
000005ab  AESADV_IRQHandler                    
000005ab  CANFD0_IRQHandler                    
000005ab  CANFD1_IRQHandler                    
000005ab  DAC0_IRQHandler                      
000005ab  DMA_IRQHandler                       
000005ab  Default_Handler                      
000005ab  GROUP0_IRQHandler                    
000005ab  GROUP1_IRQHandler                    
000005ab  HardFault_Handler                    
000005ab  I2C0_IRQHandler                      
000005ab  I2C1_IRQHandler                      
000005ab  I2C2_IRQHandler                      
000005ab  LFSS_IRQHandler                      
000005ab  NMI_Handler                          
000005ab  PendSV_Handler                       
000005ab  SPI0_IRQHandler                      
000005ab  SPI1_IRQHandler                      
000005ab  SPI2_IRQHandler                      
000005ab  SVC_Handler                          
000005ab  SysTick_Handler                      
000005ab  TIMA0_IRQHandler                     
000005ab  TIMA1_IRQHandler                     
000005ab  TIMG0_IRQHandler                     
000005ab  TIMG12_IRQHandler                    
000005ab  TIMG14_IRQHandler                    
000005ab  TIMG6_IRQHandler                     
000005ab  TIMG7_IRQHandler                     
000005ab  TIMG8_IRQHandler                     
000005ab  TIMG9_IRQHandler                     
000005ab  UART0_IRQHandler                     
000005ab  UART1_IRQHandler                     
000005ab  UART3_IRQHandler                     
000005ab  UART4_IRQHandler                     
000005ab  UART5_IRQHandler                     
000005ab  UART6_IRQHandler                     
000005ab  UART7_IRQHandler                     
000005ad  DL_SYSCTL_setHFCLKSourceHFXTParams   
00000635  __TI_decompress_lzss                 
000006b1  DL_FactoryRegion_initTrimTable       
00000709  DL_SYSCTL_switchMCLKfromSYSOSCtoHSCLK
0000074d  __aeabi_uidiv                        
0000074d  __aeabi_uidivmod                     
0000078d  __TI_auto_init_nobinit_nopinit       
000007c9  SYSCFG_DL_initPower                  
000007fd  _c_int00_noargs                      
00000825  SYSCFG_DL_GPIO_init                  
00000845  DL_SYSCTL_configFCC                  
00000861  __TI_zero_init_nomemset              
00000877  __TI_decompress_none                 
00000889  SYSCFG_DL_init                       
00000899  DL_Common_delayCycles                
000008a3  __aeabi_idiv0                        
000008a5  __aeabi_memcpy                       
000008a5  __aeabi_memcpy4                      
000008a5  __aeabi_memcpy8                      
000008ad  main                                 
000008b3  abort                                
000008b8  C$$EXIT                              
000008b9  HOSTexit                             
000008bd  Reset_Handler                        
000008c1  _system_pre_init                     
000008f0  __TI_Handler_Table_Base              
000008fc  __TI_Handler_Table_Limit             
0000090c  __TI_CINIT_Base                      
0000091c  __TI_CINIT_Limit                     
0000091c  __TI_CINIT_Warm                      
20200000  DL_FACTORYREGION_TrimTable           
20200000  __start___llvm_prf_bits              
20200000  __start___llvm_prf_cnts              
20200000  __stop___llvm_prf_bits               
20200000  __stop___llvm_prf_cnts               
20200044  FACTORYVALUE                         
2020ff00  __stack                              
20210000  __STACK_END                          
ffffffff  __TI_pprof_out_hndl                  
ffffffff  __TI_prof_data_size                  
ffffffff  __TI_prof_data_start                 
ffffffff  __binit__                            
ffffffff  binit                                
UNDEFED   __mpu_init                           
UNDEFED   _system_post_cinit                   

[99 symbols]
